[
  "Cuenta desconocida. <a href=\"/signup\">Regístrate</a>",
  "Desconectado correctamente",
  "La cuenta ya existe. <a href=\"/signin\">Identifícate</a>"
]